V1(
    ModProfileV1 {
        supports: [],
        natives: [],
        packages: [
            Package {
                inner: ModFile {
                    name: "test-pkg",
                    path: ".",
                    enabled: true,
                    optional: false,
                },
                load_before: [],
                load_after: [],
            },
        ],
        savefile: None,
        start_online: None,
        disable_arxan: None,
    },
)
