V1(
    ModProfileV1 {
        supports: [],
        natives: [
            Native {
                path: ModFile(
                    "my_native.dll",
                ),
                optional: true,
                enabled: true,
                load_before: [],
                load_after: [],
                initializer: None,
                finalizer: None,
            },
        ],
        packages: [
            Package {
                id: Some(
                    "my-mod",
                ),
                enabled: true,
                path: ModFile(
                    "mod/",
                ),
                load_after: [],
                load_before: [],
            },
        ],
    },
)
