V1(
    ModProfileV1 {
        supports: [],
        natives: [],
        packages: [
            Package {
                id: Some(
                    "test-pkg",
                ),
                enabled: true,
                path: ModFile(
                    ".",
                ),
                load_after: [],
                load_before: [],
            },
        ],
    },
)
